// Jest Snapshot v1, https://goo.gl/fbAQLP

exports[`Card.vue has the expected html structure 1`] = `
<article
  class="card"
  style="max-width: 300px;"
/>
`;
