// Jest Snapshot v1, https://goo.gl/fbAQLP

exports[`DataTable.vue has the expected html structure 1`] = `
<table
  border="1px"
  class="lux-data-table"
>
  <caption>
    
    This is a caption.
  
  </caption>
   
  <thead>
    <tr>
      <th
        nowrap="nowrap"
        scope="col"
      >
        <!---->
         
        <span>
          Select Items
        </span>
      </th>
      <th
        nowrap="nowrap"
        scope="col"
      >
        <!---->
         
        <span>
          name
        </span>
      </th>
      <th
        nowrap="nowrap"
        scope="col"
      >
        <lux-icon-base-stub
          height="16"
          icon-name="unsorted"
          width="16"
        >
          <!---->
           
          <!---->
           
          <lux-icon-unsorted-stub />
        </lux-icon-base-stub>
         
        <input-button-stub
          type="button"
          variation="text"
        >
          Email Address
        </input-button-stub>
      </th>
      <th
        nowrap="nowrap"
        scope="col"
      >
        <lux-icon-base-stub
          height="16"
          icon-name="unsorted"
          width="16"
        >
          <!---->
           
          <!---->
           
          <lux-icon-unsorted-stub />
        </lux-icon-base-stub>
         
        <input-button-stub
          type="button"
          variation="text"
        >
          age
        </input-button-stub>
      </th>
    </tr>
  </thead>
   
  <tbody>
    <tr
      class="row"
    >
      <td
        class="lux-data-table-center"
      >
        <input
          aria-label="[object Object], [object Object], [object Object], [object Object]"
          id="1"
          name="id"
          type="checkbox"
          value="1"
        />
      </td>
      <td
        class=""
      >
        <span>
          <hyperlink
            href="https://example.com"
          >
            
            foo
          
          </hyperlink>
        </span>
      </td>
      <td
        class="lux-data-table-center"
      >
        <span>
          <span>
            
            foo@xxx.xxx
          
          </span>
        </span>
      </td>
      <td
        class="lux-data-table-number"
      >
        <span>
          <span>
            
            42
          
          </span>
        </span>
      </td>
    </tr>
    <tr
      class="row"
    >
      <td
        class="lux-data-table-center"
      >
        <input
          aria-label="[object Object], [object Object], [object Object], [object Object]"
          id="2"
          name="id"
          type="checkbox"
          value="2"
        />
      </td>
      <td
        class=""
      >
        <span>
          <span>
            
            bar
          
          </span>
        </span>
      </td>
      <td
        class="lux-data-table-center"
      >
        <span>
          <span>
            
            bar@xxx.xxx
          
          </span>
        </span>
      </td>
      <td
        class="lux-data-table-number"
      >
        <span>
          <span>
            
            23
          
          </span>
        </span>
      </td>
    </tr>
    <tr
      class="row"
    >
      <td
        class="lux-data-table-center"
      >
        <input
          aria-label="[object Object], [object Object], [object Object], [object Object]"
          id="3"
          name="id"
          type="checkbox"
          value="3"
        />
      </td>
      <td
        class=""
      >
        <span>
          <span>
            
            fez
          
          </span>
        </span>
      </td>
      <td
        class="lux-data-table-center"
      >
        <span>
          <span>
            
            fez@xxx.xxx
          
          </span>
        </span>
      </td>
      <td
        class="lux-data-table-number"
      >
        <span>
          <span>
            
            34
          
          </span>
        </span>
      </td>
    </tr>
    <tr
      class="row"
    >
      <td
        class="lux-data-table-center"
      >
        <input
          aria-label="[object Object], [object Object], [object Object], [object Object]"
          id="4"
          name="id"
          type="checkbox"
          value="4"
        />
      </td>
      <td
        class=""
      >
        <span>
          <span>
            
            hey
          
          </span>
        </span>
      </td>
      <td
        class="lux-data-table-center"
      >
        <span>
          <span>
            
            hey@xxx.xxx
          
          </span>
        </span>
      </td>
      <td
        class="lux-data-table-number"
      >
        <span>
          <span>
            
            4
          
          </span>
        </span>
      </td>
    </tr>
  </tbody>
   
  <!---->
</table>
`;
