// Jest Snapshot v1, https://goo.gl/fbAQLP

exports[`InputSelect.vue has the expected html structure 1`] = `
<div
  class="lux-select"
>
  <!---->
   
  <select
    class="lux-select medium"
    errormessage=""
    id="foo"
    name="foo"
  >
    <option
      value="one"
    >
      
    </option>
    <option
      value="two"
    >
      
    </option>
  </select>
   
  <!---->
</div>
`;
