// Jest Snapshot v1, https://goo.gl/fbAQLP

exports[`Loader.vue has the expected html structure 1`] = `
<div
  class="overlay"
>
  <div
    class="loader"
    size="medium"
  />
</div>
`;
