// Jest Snapshot v1, https://goo.gl/fbAQLP

exports[`OrderManager.vue has the expected html structure 1`] = `
<div
  class="orderManager"
>
  <!---->
   
  <!---->
   
  <!---->
   
  <wrapper-stub
    class="galleryPanel"
    fullwidth="true"
    type="div"
  >
    <toolbar-stub />
     
    <gallery-stub
      cardpixelwidth="300"
      class="galleryWrapper"
      galleryitems="[object Object],[object Object],[object Object]"
    />
  </wrapper-stub>
   
  <wrapper-stub
    class="sidePanel"
    type="div"
  >
    <!---->
     
    <!---->
     
    <fileset-form-stub />
     
    <controls-stub
      viewerid="viewer"
    />
  </wrapper-stub>
</div>
`;
